This is pdfTeX, Version 3.141592653-2.6-1.40.29 (MiKTeX 26.2) (preloaded format=pdflatex.fmt)
 restricted \write18 enabled.
entering extended mode
(main.tex
LaTeX2e <2025-11-01>
L3 programming layer <2026-01-19>

(C:\Users\Imran Shahriar\AppData\Local\Programs\MiKTeX\tex/latex/base\report.cl
s
Document Class: report 2025/01/22 v1.4n Standard LaTeX document class

(C:\Users\Imran Shahriar\AppData\Local\Programs\MiKTeX\tex/latex/base\size12.cl
o))
(C:\Users\Imran Shahriar\AppData\Local\Programs\MiKTeX\tex/latex/base\inputenc.
sty)
(C:\Users\Imran Shahriar\AppData\Local\Programs\MiKTeX\tex/latex/base\fontenc.s
ty)
(C:\Users\Imran Shahriar\AppData\Local\Programs\MiKTeX\tex/latex/lm\lmodern.sty
)
(C:\Users\Imran Shahriar\AppData\Local\Programs\MiKTeX\tex/latex/geometry\geome
try.sty
(C:\Users\Imran Shahriar\AppData\Local\Programs\MiKTeX\tex/latex/graphics\keyva
l.sty)
(C:\Users\Imran Shahriar\AppData\Local\Programs\MiKTeX\tex/generic/iftex\ifvtex
.sty
(C:\Users\Imran Shahriar\AppData\Local\Programs\MiKTeX\tex/generic/iftex\iftex.
sty))
(C:\Users\Imran Shahriar\AppData\Local\Programs\MiKTeX\tex/latex/geometry\geome
try.cfg))
(C:\Users\Imran Shahriar\AppData\Local\Programs\MiKTeX\tex/latex/amsmath\amsmat
h.sty
For additional information on amsmath, use the `?' option.

(C:\Users\Imran Shahriar\AppData\Local\Programs\MiKTeX\tex/latex/amsmath\amstex
t.sty
(C:\Users\Imran Shahriar\AppData\Local\Programs\MiKTeX\tex/latex/amsmath\amsgen
.sty))
(C:\Users\Imran Shahriar\AppData\Local\Programs\MiKTeX\tex/latex/amsmath\amsbsy
.sty)
(C:\Users\Imran Shahriar\AppData\Local\Programs\MiKTeX\tex/latex/amsmath\amsopn
.sty))
(C:\Users\Imran Shahriar\AppData\Local\Programs\MiKTeX\tex/latex/amsfonts\amssy
mb.sty
(C:\Users\Imran Shahriar\AppData\Local\Programs\MiKTeX\tex/latex/amsfonts\amsfo
nts.sty))
(C:\Users\Imran Shahriar\AppData\Local\Programs\MiKTeX\tex/latex/graphics\graph
icx.sty
(C:\Users\Imran Shahriar\AppData\Local\Programs\MiKTeX\tex/latex/graphics\graph
ics.sty
(C:\Users\Imran Shahriar\AppData\Local\Programs\MiKTeX\tex/latex/graphics\trig.
sty)
(C:\Users\Imran Shahriar\AppData\Local\Programs\MiKTeX\tex/latex/graphics-cfg\g
raphics.cfg)
(C:\Users\Imran Shahriar\AppData\Local\Programs\MiKTeX\tex/latex/graphics-def\p
dftex.def)))
(C:\Users\Imran Shahriar\AppData\Local\Programs\MiKTeX\tex/latex/etoolbox\etool
box.sty)
(C:\Users\Imran Shahriar\AppData\Local\Programs\MiKTeX\tex/latex/tools\array.st
y)
(C:\Users\Imran Shahriar\AppData\Local\Programs\MiKTeX\tex/latex/tools\tabularx
.sty)
(C:\Users\Imran Shahriar\AppData\Local\Programs\MiKTeX\tex/latex/placeins\place
ins.sty)
(C:\Users\Imran Shahriar\AppData\Local\Programs\MiKTeX\tex/latex/hyperref\hyper
ref.sty
(C:\Users\Imran Shahriar\AppData\Local\Programs\MiKTeX\tex/latex/kvsetkeys\kvse
tkeys.sty)
(C:\Users\Imran Shahriar\AppData\Local\Programs\MiKTeX\tex/generic/kvdefinekeys
\kvdefinekeys.sty)
(C:\Users\Imran Shahriar\AppData\Local\Programs\MiKTeX\tex/generic/pdfescape\pd
fescape.sty
(C:\Users\Imran Shahriar\AppData\Local\Programs\MiKTeX\tex/generic/ltxcmds\ltxc
mds.sty)
(C:\Users\Imran Shahriar\AppData\Local\Programs\MiKTeX\tex/generic/pdftexcmds\p
dftexcmds.sty
(C:\Users\Imran Shahriar\AppData\Local\Programs\MiKTeX\tex/generic/infwarerr\in
fwarerr.sty)))
(C:\Users\Imran Shahriar\AppData\Local\Programs\MiKTeX\tex/latex/hycolor\hycolo
r.sty)
(C:\Users\Imran Shahriar\AppData\Local\Programs\MiKTeX\tex/latex/hyperref\namer
ef.sty
(C:\Users\Imran Shahriar\AppData\Local\Programs\MiKTeX\tex/latex/refcount\refco
unt.sty)
(C:\Users\Imran Shahriar\AppData\Local\Programs\MiKTeX\tex/generic/gettitlestri
ng\gettitlestring.sty
(C:\Users\Imran Shahriar\AppData\Local\Programs\MiKTeX\tex/latex/kvoptions\kvop
tions.sty)))
(C:\Users\Imran Shahriar\AppData\Local\Programs\MiKTeX\tex/generic/stringenc\st
ringenc.sty)
(C:\Users\Imran Shahriar\AppData\Local\Programs\MiKTeX\tex/latex/hyperref\pd1en
c.def)
(C:\Users\Imran Shahriar\AppData\Local\Programs\MiKTeX\tex/generic/intcalc\intc
alc.sty)
(C:\Users\Imran Shahriar\AppData\Local\Programs\MiKTeX\tex/latex/hyperref\puenc
.def)
(C:\Users\Imran Shahriar\AppData\Local\Programs\MiKTeX\tex/latex/url\url.sty)
(C:\Users\Imran Shahriar\AppData\Local\Programs\MiKTeX\tex/generic/bitset\bitse
t.sty
(C:\Users\Imran Shahriar\AppData\Local\Programs\MiKTeX\tex/generic/bigintcalc\b
igintcalc.sty)))
(C:\Users\Imran Shahriar\AppData\Local\Programs\MiKTeX\tex/latex/hyperref\hpdft
ex.def
(C:\Users\Imran Shahriar\AppData\Local\Programs\MiKTeX\tex/latex/rerunfilecheck
\rerunfilecheck.sty
(C:\Users\Imran Shahriar\AppData\Local\Programs\MiKTeX\tex/generic/uniquecounte
r\uniquecounter.sty)))
(C:\Users\Imran Shahriar\AppData\Local\Programs\MiKTeX\tex/latex/fancyhdr\fancy
hdr.sty)
(C:\Users\Imran Shahriar\AppData\Local\Programs\MiKTeX\tex/latex/titlesec\title
sec.sty)
(C:\Users\Imran Shahriar\AppData\Local\Programs\MiKTeX\tex/latex/lm\t1lmr.fd)
(C:\Users\Imran Shahriar\AppData\Local\Programs\MiKTeX\tex/latex/l3backend\l3ba
ckend-pdftex.def) (main.aux)
*geometry* driver: auto-detecting
*geometry* detected driver: pdftex

(C:\Users\Imran Shahriar\AppData\Local\Programs\MiKTeX\tex/context/base/mkii\su
pp-pdf.mkii
[Loading MPS to PDF converter (version 2006.09.02).]
)
(C:\Users\Imran Shahriar\AppData\Local\Programs\MiKTeX\tex/latex/epstopdf-pkg\e
pstopdf-base.sty
(C:\Users\Imran Shahriar\AppData\Local\Programs\MiKTeX\tex/latex/00miktex\epsto
pdf-sys.cfg)) (main.out) (main.out)
(C:\Users\Imran Shahriar\AppData\Local\Programs\MiKTeX\tex/latex/lm\t1lmtt.fd)
(C:\Users\Imran Shahriar\AppData\Local\Programs\MiKTeX\tex/latex/lm\ot1lmr.fd)
(C:\Users\Imran Shahriar\AppData\Local\Programs\MiKTeX\tex/latex/lm\omllmm.fd)
(C:\Users\Imran Shahriar\AppData\Local\Programs\MiKTeX\tex/latex/lm\omslmsy.fd)
(C:\Users\Imran Shahriar\AppData\Local\Programs\MiKTeX\tex/latex/lm\omxlmex.fd)

(C:\Users\Imran Shahriar\AppData\Local\Programs\MiKTeX\tex/latex/amsfonts\umsa.
fd)
(C:\Users\Imran Shahriar\AppData\Local\Programs\MiKTeX\tex/latex/amsfonts\umsb.
fd) [1{C:/Users/Imran Shahriar/AppData/Local/MiKTeX/fonts/map/pdftex/pdftex.map
}{C:/Users/Imran Shahriar/AppData/Local/Programs/MiKTeX/fonts/enc/dvips/lm/lm-e
c.enc} <./metu_logo.jpg>] (main.toc)
pdfTeX warning (ext4): destination with the same identifier (name{page.1}) has 
been already used, duplicate ignored
<to be read again> 
                   \relax 
l.80 \clearpage
                [1] (main.lof) [2] (main.lot) [3]
(Chapter1_Object_Oriented_Structural_Analysis_Program.tex
Chapter 1.
(C:\Users\Imran Shahriar\AppData\Local\Programs\MiKTeX\tex/latex/lm\ts1lmr.fd)
Overfull \hbox (3.89322pt too wide) in paragraph at lines 12--13
[]\T1/lmr/bx/n/12 Structural solver\T1/lmr/m/n/12 : \T1/lmtt/m/n/12 q2_frame_an
alysis/ \T1/lmr/m/n/12 con-tains the solver im-ple-men-ta-tion, mod-
[4{C:/Users/Imran Shahriar/AppData/Local/Programs/MiKTeX/fonts/enc/dvips/lm/lm-
mathit.enc}{C:/Users/Imran Shahriar/AppData/Local/Programs/MiKTeX/fonts/enc/dvi
ps/lm/lm-ts1.enc}]
Overfull \hbox (14.75677pt too wide) in paragraph at lines 53--61
\T1/lmr/bx/n/12 nu-mer-i-cal li-brary layer \T1/lmr/m/n/12 (\T1/lmtt/m/n/12 Sym
metricSparseMatrix\T1/lmr/m/n/12 , \T1/lmtt/m/n/12 Vector\T1/lmr/m/n/12 , \T1/l
mtt/m/n/12 ConjugateGradientSolver\T1/lmr/m/n/12 ),

LaTeX Warning: `!h' float specifier changed to `!ht'.


Overfull \hbox (78.8766pt too wide) in paragraph at lines 73--83
\T1/lmr/m/n/12 ery con-crete el-e-ment type must im-ple-ment: \T1/lmtt/m/n/12 l
ocal_stiffness() \T1/lmr/m/n/12 and \T1/lmtt/m/n/12 equivalent_nodal_load_local
()\T1/lmr/m/n/12 .
[5{C:/Users/Imran Shahriar/AppData/Local/Programs/MiKTeX/fonts/enc/dvips/lm/lm-
rm.enc}]
Overfull \hbox (62.24496pt too wide) in paragraph at lines 113--123
[]\T1/lmr/m/n/12 At the \T1/lmr/bx/n/12 el-e-ment level\T1/lmr/m/n/12 , the in-
ter-nal con-den-sa-tion helpers of \T1/lmtt/m/n/12 FrameElement \T1/lmr/m/n/12 
--- \T1/lmtt/m/n/12 _apply_releases()\T1/lmr/m/n/12 ,

Overfull \hbox (19.15518pt too wide) in paragraph at lines 113--123
\T1/lmtt/m/n/12 _submatrix()\T1/lmr/m/n/12 , \T1/lmtt/m/n/12 _inverse_small()\T
1/lmr/m/n/12 , \T1/lmtt/m/n/12 _mat_mul()\T1/lmr/m/n/12 , \T1/lmtt/m/n/12 _mat_
sub()\T1/lmr/m/n/12 , \T1/lmtt/m/n/12 _mat_vec()\T1/lmr/m/n/12 , and \T1/lmtt/m
/n/12 _vec_sub()

Overfull \hbox (71.84352pt too wide) in paragraph at lines 124--132
\T1/lmr/m/n/12 (\T1/lmtt/m/n/12 assemble_global_stiffness()\T1/lmr/m/n/12 , \T1
/lmtt/m/n/12 solve()\T1/lmr/m/n/12 , \T1/lmtt/m/n/12 compute_reactions()\T1/lmr
/m/n/12 , \T1/lmtt/m/n/12 compute_member_end_forces()\T1/lmr/m/n/12 ).
[6 <./uml.png (PNG copy)>]
Overfull \hbox (29.62729pt too wide) in paragraph at lines 140--144
[]\T1/lmr/bx/n/12 matrixlib\T1/lmr/m/n/12 : pro-vides \T1/lmtt/m/n/12 Symmetric
SparseMatrix\T1/lmr/m/n/12 , \T1/lmtt/m/n/12 Vector\T1/lmr/m/n/12 , and \T1/lmt
t/m/n/12 ConjugateGradientSolver\T1/lmr/m/n/12 .
[7]
Overfull \hbox (81.60524pt too wide) in paragraph at lines 236--243
\T1/lmr/m/n/12 nonzero en-tries only at po-si-tions \T1/lmtt/m/n/12 (0,0)\T1/lm
r/m/n/12 , \T1/lmtt/m/n/12 (0,3)\T1/lmr/m/n/12 , \T1/lmtt/m/n/12 (3,0)\T1/lmr/m
/n/12 , and \T1/lmtt/m/n/12 (3,3)\T1/lmr/m/n/12 , and \T1/lmtt/m/n/12 equivalen
t_nodal_load_local()
[8]

LaTeX Warning: `!h' float specifier changed to `!ht'.

[9]
Overfull \hbox (78.08237pt too wide) in paragraph at lines 422--422
[]    \T1/lmtt/m/n/12 {"id": 0, "x": 0.0, "y": 0.0, "restraints": {"ux": true, 
"uy": true, "rz": true}},[] 
[10] [11] [12{C:/Users/Imran Shahriar/AppData/Local/Programs/MiKTeX/fonts/enc/d
vips/lm/lm-mathsy.enc}] [13]) (Chapter2_Testing_and_Verification.tex [14]
Chapter 2.
[15] [16]

LaTeX Warning: Command \textdegree invalid in math mode on input line 116.


LaTeX Warning: Command \textdegree invalid in math mode on input line 116.

[17]
(C:\Users\Imran Shahriar\AppData\Local\Programs\MiKTeX\tex/latex/lm\ot1lmss.fd)
 [18] [19 <./q2_frame_analysis/ftool/images/Frame_Regression.png>] [20 <./q2_fr
ame_analysis/ftool/Truss_Regression.png>] [21 <./q2_frame_analysis/ftool/images
/Mixed_Regression.png>] [22]
Overfull \hbox (34.85735pt too wide) in paragraph at lines 360--360
[]\T1/lmtt/m/n/12 ============================= test session starts ===========
==================[] 

Overfull \hbox (71.90736pt too wide) in paragraph at lines 360--360
[]\T1/lmtt/m/n/12 q2_frame_analysis/tests/test_solver_suite.py::test_unit_frame
_stiffness PASSED [ 12%][] 

Overfull \hbox (102.78238pt too wide) in paragraph at lines 360--360
[]\T1/lmtt/m/n/12 q2_frame_analysis/tests/test_solver_suite.py::test_unit_frame
_transformation PASSED [ 25%][] 

Overfull \hbox (84.25737pt too wide) in paragraph at lines 360--360
[]\T1/lmtt/m/n/12 q2_frame_analysis/tests/test_solver_suite.py::test_unit_frame
_equiv_loads PASSED [ 37%][] 

Overfull \hbox (96.60738pt too wide) in paragraph at lines 360--360
[]\T1/lmtt/m/n/12 q2_frame_analysis/tests/test_solver_suite.py::test_interface_
frame_assembly PASSED [ 50%][] 

Overfull \hbox (96.60037pt too wide) in paragraph at lines 360--360
[]\T1/lmtt/m/n/12 q2_frame_analysis/tests/test_solver_suite.py::test_interface_
mixed_assembly PASSED [ 62%][] 

Overfull \hbox (47.20735pt too wide) in paragraph at lines 360--360
[]\T1/lmtt/m/n/12 q2_frame_analysis/tests/test_solver_suite.py::test_regression
_frame PASSED [ 75%][] 

Overfull \hbox (47.20735pt too wide) in paragraph at lines 360--360
[]\T1/lmtt/m/n/12 q2_frame_analysis/tests/test_solver_suite.py::test_regression
_truss PASSED [ 87%][] 

Overfull \hbox (47.20735pt too wide) in paragraph at lines 360--360
[]\T1/lmtt/m/n/12 q2_frame_analysis/tests/test_solver_suite.py::test_regression
_mixed PASSED [100%][] 

Overfull \hbox (34.85735pt too wide) in paragraph at lines 360--360
[]\T1/lmtt/m/n/12 ============================== 8 passed in 0.74s ============
==================[] 
) (Chapter3_Warning_and_Error_Handling.tex [23]
Chapter 3.
[24]

LaTeX Warning: `!h' float specifier changed to `!ht'.


LaTeX Warning: `!h' float specifier changed to `!ht'.

[25 <./q2_frame_analysis/images/ch3/model_a.png>] [26 <./q2_frame_analysis/imag
es/ch3/sample_a.png (PNG copy)>] [27 <./q2_frame_analysis/ftool/images/3a_point
.png> <./q2_frame_analysis/ftool/images/3a_UDL.png>]

LaTeX Warning: `!h' float specifier changed to `!ht'.

[28 <./q2_frame_analysis/images/ch3/model_b.png>] [29 <./q2_frame_analysis/imag
es/ch3/sample_b.png (PNG copy)>] [30 <./q2_frame_analysis/ftool/images/3b_point
.png> <./q2_frame_analysis/ftool/images/3b_UDL.png>]

LaTeX Warning: `!h' float specifier changed to `!ht'.


Underfull \hbox (badness 1881) in paragraph at lines 177--177
[]|\T1/lmr/m/n/10.95 Consistency check: logic

LaTeX Warning: `!h' float specifier changed to `!ht'.

[31{C:/Users/Imran Shahriar/AppData/Local/Programs/MiKTeX/fonts/enc/dvips/lm/lm
-mathex.enc} <./q2_frame_analysis/images/ch3/model_c.png>] [32 <./q2_frame_anal
ysis/images/ch3/sample_c.png (PNG copy)>]

LaTeX Warning: `!h' float specifier changed to `!ht'.


Underfull \hbox (badness 5622) in paragraph at lines 233--233
[]|\T1/lmr/m/n/10.95 Verified (Cor-rect mag-ni-

Underfull \hbox (badness 2951) in paragraph at lines 233--233
[]|\T1/lmr/m/n/10.95 Verified (Sym-met-ric load

LaTeX Warning: `!h' float specifier changed to `!ht'.

[33 <./q2_frame_analysis/images/ch3/model_d (1).png>] [34 <./q2_frame_analysis/
images/ch3/sample_d.png (PNG copy)>]

LaTeX Warning: `!h' float specifier changed to `!ht'.


Underfull \hbox (badness 3503) in paragraph at lines 284--284
[]|\T1/lmr/m/n/10.95 Perfect Match (Nu-mer-i-cal

Underfull \hbox (badness 10000) in paragraph at lines 284--284
[]|\T1/lmr/m/n/10.95 Verified (Cor-rect or-
[35 <./q2_frame_analysis/images/ch3/model_e.png>] [36 <./q2_frame_analysis/imag
es/ch3/sample_e.png (PNG copy)>]
Underfull \hbox (badness 8170) in paragraph at lines 320--320
[]|\T1/lmr/m/n/10.95 Warnings for dis-con-nected

Underfull \hbox (badness 1418) in paragraph at lines 320--320
\T1/lmr/m/n/10.95 nec-tion; anal-y-sis com-pleted

Underfull \hbox (badness 1365) in paragraph at lines 320--320
[]|\T1/lmr/m/n/10.95 Analysis com-pleted suc-cess-

Underfull \hbox (badness 5622) in paragraph at lines 320--320
[]|\T1/lmr/m/n/10.95 Statically in-de-ter-mi-

Underfull \hbox (badness 1365) in paragraph at lines 320--320
[]|\T1/lmr/m/n/10.95 Analysis com-pleted suc-cess-
) (Chapter4_Conclusion.tex [37]
Chapter 4.
) (Chapter5_References.tex [38]
Chapter 5.
)
Overfull \hbox (9.80905pt too wide) in paragraph at lines 9--91
[]\T1/lmr/m/n/12 OpenAI. (2026). \T1/lmr/m/it/12 Chat-GPT Plus \T1/lmr/m/n/12 (
GPT-5.4) [Large lan-guage model]. []$\T1/lmtt/m/n/12 https : / / chatgpt .
[39] (main.aux)

LaTeX Warning: Label(s) may have changed. Rerun to get cross-references right.

 )
(see the transcript file for additional information)<C:/Users/Imran Shahriar/Ap
pData/Local/Programs/MiKTeX/fonts/type1/public/lm/lmbx10.pfb><C:/Users/Imran Sh
ahriar/AppData/Local/Programs/MiKTeX/fonts/type1/public/lm/lmbx12.pfb><C:/Users
/Imran Shahriar/AppData/Local/Programs/MiKTeX/fonts/type1/public/lm/lmex10.pfb>
<C:/Users/Imran Shahriar/AppData/Local/Programs/MiKTeX/fonts/type1/public/lm/lm
mi10.pfb><C:/Users/Imran Shahriar/AppData/Local/Programs/MiKTeX/fonts/type1/pub
lic/lm/lmmi12.pfb><C:/Users/Imran Shahriar/AppData/Local/Programs/MiKTeX/fonts/
type1/public/lm/lmmi7.pfb><C:/Users/Imran Shahriar/AppData/Local/Programs/MiKTe
X/fonts/type1/public/lm/lmmi8.pfb><C:/Users/Imran Shahriar/AppData/Local/Progra
ms/MiKTeX/fonts/type1/public/lm/lmr10.pfb><C:/Users/Imran Shahriar/AppData/Loca
l/Programs/MiKTeX/fonts/type1/public/lm/lmr12.pfb><C:/Users/Imran Shahriar/AppD
ata/Local/Programs/MiKTeX/fonts/type1/public/lm/lmr17.pfb><C:/Users/Imran Shahr
iar/AppData/Local/Programs/MiKTeX/fonts/type1/public/lm/lmr7.pfb><C:/Users/Imra
n Shahriar/AppData/Local/Programs/MiKTeX/fonts/type1/public/lm/lmr8.pfb><C:/Use
rs/Imran Shahriar/AppData/Local/Programs/MiKTeX/fonts/type1/public/lm/lmri12.pf
b><C:/Users/Imran Shahriar/AppData/Local/Programs/MiKTeX/fonts/type1/public/lm/
lmss8.pfb><C:/Users/Imran Shahriar/AppData/Local/Programs/MiKTeX/fonts/type1/pu
blic/lm/lmsy10.pfb><C:/Users/Imran Shahriar/AppData/Local/Programs/MiKTeX/fonts
/type1/public/lm/lmsy7.pfb><C:/Users/Imran Shahriar/AppData/Local/Programs/MiKT
eX/fonts/type1/public/lm/lmsy8.pfb><C:/Users/Imran Shahriar/AppData/Local/Progr
ams/MiKTeX/fonts/type1/public/lm/lmtk10.pfb><C:/Users/Imran Shahriar/AppData/Lo
cal/Programs/MiKTeX/fonts/type1/public/lm/lmtt12.pfb>
Output written on main.pdf (40 pages, 1195233 bytes).
Transcript written on main.log.
